
> frontend@0.0.0 build
> tsc -b && vite build

src/templates/DashboardTemplate/DashboardTemplate.tsx(3,18): error TS2307: Cannot find module '@mui/material/Grid2' or its corresponding type declarations.
